// Jest Snapshot v1, https://goo.gl/fbAQLP

exports[`crossPath draws a cross at 100,100 having width=60 and height=50, thickness=0, rotated by 30 1`] = `"M 100,100 L 87.5,121.65063509461098 100,100 74.01923788646684,85 100,100 112.5,78.34936490538902 100,100 125.98076211353316,115 Z"`;

exports[`crossPath draws a cross at 100,100 having width=60 and height=50, thickness=0, rotated by undefined 1`] = `"M 100,100 L 100,125 100,100 70,100 100,100 100,75 100,100 130,100 Z"`;

exports[`crossPath draws a cross at 100,100 having width=60 and height=50, thickness=10, rotated by 30 1`] = `"M 101.8301270189222,106.8301270189222 L 91.8301270189222,124.15063509461098 83.16987298107782,119.15063509461098 93.1698729810778,101.8301270189222 71.51923788646684,89.3301270189222 76.51923788646684,80.66987298107782 98.1698729810778,93.1698729810778 108.1698729810778,75.84936490538902 116.83012701892218,80.84936490538902 106.8301270189222,98.1698729810778 128.48076211353316,110.6698729810778 123.48076211353316,119.33012701892218 Z"`;

exports[`crossPath draws a cross at 100,100 having width=60 and height=50, thickness=10, rotated by undefined 1`] = `"M 105,105 L 105,125 95,125 95,105 70,105 70,95 95,95 95,75 105,75 105,95 130,95 130,105 Z"`;

exports[`crossPath draws a cross at 100,100 having width=60 and height=50, thickness=undefined, rotated by undefined 1`] = `"M 108.33333333333333,108.33333333333333 L 108.33333333333333,125 91.66666666666667,125 91.66666666666667,108.33333333333333 70,108.33333333333333 70,91.66666666666667 91.66666666666667,91.66666666666667 91.66666666666667,75 108.33333333333333,75 108.33333333333333,91.66666666666667 130,91.66666666666667 130,108.33333333333333 Z"`;
