// Jest Snapshot v1, https://goo.gl/fbAQLP

exports[`curvedArrowPath draws a curved arrow tip at 100,100 having width=60 and height=50, radius=80 and angle=60, thickness=0, clockwise=undefined, rotated by undefined 1`] = `"M 180,100 A 80,80 0 0 1 167.30856787018968,143.23837058983688 L 146.2746404107554,129.72637978051284 L 140,169.28203230275508 L 188.34249532962394,156.7503613991609 L 167.30856787018968,143.23837058983688 A 80,80 0 0 0 180,100 Z"`;

exports[`curvedArrowPath draws a curved arrow tip at 100,100 having width=60 and height=50, radius=80 and angle=60, thickness=10, clockwise=false, rotated by 30 1`] = `"M 169.2820323027551,140 L 156.7503613991609,188.34249532962394 L 145.94076875170168,171.51535336207652 A 85,85 0 0 1 100,185 L 100,175 A 75,75 0 0 0 140.53597242797207,163.1017823783028 L 129.72637978051287,146.2746404107554 Z"`;

exports[`curvedArrowPath draws a curved arrow tip at 100,100 having width=60 and height=50, radius=80 and angle=60, thickness=10, clockwise=false, rotated by undefined 1`] = `"M 180,100 L 193.31850231043313,148.131664489582 L 175.54354948939823,138.9637283963283 A 85,85 0 0 1 142.5,173.61215932167727 L 137.5,164.9519052838329 A 75,75 0 0 0 166.6560730788808,134.37976034970143 L 148.8811202578459,125.21182425644771 Z"`;

exports[`curvedArrowPath draws a curved arrow tip at 100,100 having width=60 and height=50, radius=80 and angle=60, thickness=10, clockwise=true, rotated by 30 1`] = `"M 164.9519052838329,137.5 A 75,75 0 0 1 134.37976034970143,166.6560730788808 L 125.21182425644771,148.8811202578459 L 100,180 L 148.131664489582,193.31850231043313 L 138.9637283963283,175.54354948939823 A 85,85 0 0 0 173.6121593216773,142.5 Z"`;

exports[`curvedArrowPath draws a curved arrow tip at 100,100 having width=60 and height=50, radius=80 and angle=60, thickness=10, clockwise=true, rotated by undefined 1`] = `"M 175,100 A 75,75 0 0 1 163.1017823783028,140.53597242797207 L 146.2746404107554,129.72637978051284 L 140,169.28203230275508 L 188.34249532962394,156.7503613991609 L 171.51535336207652,145.94076875170168 A 85,85 0 0 0 185,100 Z"`;

exports[`curvedArrowPath draws a curved arrow tip at 100,100 having width=60 and height=50, radius=80 and angle=60, thickness=10, clockwise=undefined, rotated by undefined 1`] = `"M 175,100 A 75,75 0 0 1 163.1017823783028,140.53597242797207 L 146.2746404107554,129.72637978051284 L 140,169.28203230275508 L 188.34249532962394,156.7503613991609 L 171.51535336207652,145.94076875170168 A 85,85 0 0 0 185,100 Z"`;

exports[`curvedArrowPath draws a curved arrow tip at 100,100 having width=60 and height=50, radius=80 and angle=60, thickness=undefined, clockwise=undefined, rotated by undefined 1`] = `"M 171.66666666666669,100 A 71.66666666666667,71.66666666666667 0 0 1 160.2972587170449,138.73437365339555 L 146.2746404107554,129.72637978051284 L 140,169.28203230275508 L 188.34249532962394,156.7503613991609 L 174.3198770233344,147.74236752627823 A 88.33333333333334,88.33333333333334 0 0 0 188.33333333333334,100 Z"`;

exports[`curvedArrowPath draws a curved arrow tip at 100,100 having width=60 and height=50, radius=80 and angle=360, thickness=0, clockwise=true, rotated by 30 1`] = `"M 169.2820323027551,140 A 80,80 0 1 1 179.91011496285174,103.79124341394987 L 154.93820403696057,102.60647984709053 L 169.28203230275508,140 L 204.88202588874293,104.9760069808092 L 179.91011496285174,103.79124341394987 A 80,80 0 1 0 169.2820323027551,140 Z"`;

exports[`curvedArrowPath draws a curved arrow tip at 100,100 having width=60 and height=50, radius=80 and angle=360, thickness=10, clockwise=true, rotated by 30 1`] = `"M 164.9519052838329,137.5 A 75,75 0 1 1 174.9157327776735,103.554290700578 L 154.93820403696057,102.60647984709053 L 169.28203230275508,140 L 204.88202588874293,104.9760069808092 L 184.90449714802998,104.02819612732173 A 85,85 0 1 0 173.6121593216773,142.5 Z"`;
